[2026-06-07 13:44:56,465]  28  root - INFO - Starting data ingestion process...
[2026-06-07 13:44:56,465]  30  root - INFO - Reading data from MongoDB and merging with API data...
[2026-06-07 13:44:56,465]  18  root - INFO - \U0001f9e0 WhatsApp data ingestion pipeline started.
[2026-06-07 13:44:56,893]  23  root - INFO - \U0001f4e5 Fetching records from 'Whatsapp_data'...
[2026-06-07 13:44:58,791]  36  root - INFO - \U0001f4ca DataFrame shape: (1890, 7)
[2026-06-07 13:44:58,791]  33  root - INFO - Integrated data recieved
[2026-06-07 13:44:58,814]  44  root - INFO - Data ingestion completed successfully.
[2026-06-07 13:44:58,814]  47  root - INFO - Loading training data from: artifacts\train.csv
[2026-06-07 13:44:58,814]  50  root - INFO - Loading testing data from: artifacts\test.csv
[2026-06-07 13:44:58,821]  53  root - INFO - Encoding target label column into binary (phishing=1, safe=0)
[2026-06-07 13:44:58,821]  63  root - INFO - Obtaining preprocessing vectorizer object.
[2026-06-07 13:44:58,821]  29  root - INFO - Initializing TF-IDF Vectorizer pipeline steps.
[2026-06-07 13:44:58,821]  39  root - INFO - TF-IDF pipeline created successfully.
[2026-06-07 13:44:58,821]  66  root - INFO - Applying fit_transform on training features and transform on testing features.
[2026-06-07 13:44:58,852]  70  root - INFO - Saving preprocessing pipeline object to artifacts folder.
[2026-06-07 13:44:58,855]  78  root - INFO - Data transformation pipeline stage executed successfully.
[2026-06-07 13:44:58,855]  28  root - INFO - Splitting training and test input data directly from transformation stage
[2026-06-07 13:44:58,855]  71  root - INFO - Evaluating models based on classification metrics
[2026-06-07 13:45:15,450]  89  root - INFO - Best model found: Random Forest with score: 1.0
[2026-06-07 13:45:15,458]  104  root - INFO - Final Model Metrics -> Precision: 1.0000, Recall: 1.0000, F1: 1.0000
