[2026-06-07 14:00:10,572]  28  root - INFO - Starting data ingestion process...
[2026-06-07 14:00:10,572]  30  root - INFO - Reading data from MongoDB and merging with API data...
[2026-06-07 14:00:10,572]  18  root - INFO - \U0001f9e0 WhatsApp data ingestion pipeline started.
[2026-06-07 14:00:11,016]  23  root - INFO - \U0001f4e5 Fetching records from 'Whatsapp_data'...
[2026-06-07 14:00:12,943]  36  root - INFO - \U0001f4ca DataFrame shape: (1890, 7)
[2026-06-07 14:00:12,943]  33  root - INFO - Integrated data recieved
[2026-06-07 14:00:12,943]  37  root - INFO - After cleanup - Total rows: 1890
[2026-06-07 14:00:12,974]  48  root - INFO - Data ingestion completed successfully.
[2026-06-07 14:00:12,975]  47  root - INFO - Loading training data from: artifacts\train.csv
[2026-06-07 14:00:12,977]  50  root - INFO - Loading testing data from: artifacts\test.csv
[2026-06-07 14:00:12,977]  53  root - INFO - Encoding target label column into binary (phishing=1, safe=0)
[2026-06-07 14:00:12,977]  63  root - INFO - Obtaining preprocessing vectorizer object.
[2026-06-07 14:00:12,977]  29  root - INFO - Initializing TF-IDF Vectorizer pipeline steps.
[2026-06-07 14:00:12,977]  39  root - INFO - TF-IDF pipeline created successfully.
[2026-06-07 14:00:12,977]  66  root - INFO - Applying fit_transform on training features and transform on testing features.
[2026-06-07 14:00:13,007]  70  root - INFO - Saving preprocessing pipeline object to artifacts folder.
[2026-06-07 14:00:13,007]  78  root - INFO - Data transformation pipeline stage executed successfully.
[2026-06-07 14:00:13,007]  28  root - INFO - Splitting training and test input data directly from transformation stage
[2026-06-07 14:00:13,007]  69  root - INFO - Evaluating models based on classification metrics
[2026-06-07 14:00:26,745]  87  root - INFO - Best model found: Random Forest with score: 1.0
[2026-06-07 14:00:26,761]  102  root - INFO - Final Model Metrics -> Precision: 1.0000, Recall: 1.0000, F1: 1.0000
